
Memory Configuration

Name             Origin             Length             Attributes
FLASH            0x0000000008000000 0x0000000000040000 xr
SRAM             0x0000000020000000 0x000000000000f000 xrw
*default*        0x0000000000000000 0xffffffffffffffff

Linker script and memory map

LOAD main.o
LOAD startup.o
                0x000000002000f000                _estack = (ORIGIN (SRAM) + LENGTH (SRAM))
                0x0000000000000200                __max_heap_size = 0x200
                0x0000000000000400                __max_stack_size = 0x400

.text           0x0000000008000000      0x28c
                0x0000000008000000                . = ALIGN (0x4)
 *(.isr_vector_tbl)
 .isr_vector_tbl
                0x0000000008000000      0x194 startup.o
                0x0000000008000000                vector_tbl
 *(.text)
 .text          0x0000000008000194       0x60 main.o
                0x0000000008000194                main
 .text          0x00000000080001f4       0x8c startup.o
                0x00000000080001f4                EXTI2_IRQHandler
                0x00000000080001f4                DebugMon_Handler
                0x00000000080001f4                SPI4_IRQHandler
                0x00000000080001f4                TIM1_CC_IRQHandler
                0x00000000080001f4                DMA2_Stream5_IRQHandler
                0x00000000080001f4                HardFault_Handler
                0x00000000080001f4                DMA1_Stream5_IRQHandler
                0x00000000080001f4                SysTick_Handler
                0x00000000080001f4                SDIO_IRQHandler
                0x00000000080001f4                TAMP_STAMP_IRQHandler
                0x00000000080001f4                PendSV_Handler
                0x00000000080001f4                NMI_Handler
                0x00000000080001f4                EXTI3_IRQHandler
                0x00000000080001f4                TIM1_UP_TIM10_IRQHandler
                0x00000000080001f4                I2C3_ER_IRQHandler
                0x00000000080001f4                EXTI18_OTG_FS_WKUP_IRQHandler
                0x00000000080001f4                EXTI0_IRQHandler
                0x00000000080001f4                I2C2_EV_IRQHandler
                0x00000000080001f4                DMA1_Stream2_IRQHandler
                0x00000000080001f4                UsageFault_Handler
                0x00000000080001f4                DMA2_Stream2_IRQHandler
                0x00000000080001f4                SPI1_IRQHandler
                0x00000000080001f4                TIM1_BRK_TIM9_IRQHandler
                0x00000000080001f4                DMA2_Stream3_IRQHandler
                0x00000000080001f4                USART6_IRQHandler
                0x00000000080001f4                DMA2_Stream0_IRQHandler
                0x00000000080001f4                TIM4_IRQHandler
                0x00000000080001f4                I2C1_EV_IRQHandler
                0x00000000080001f4                DMA1_Stream6_IRQHandler
                0x00000000080001f4                DMA1_Stream1_IRQHandler
                0x00000000080001f4                TIM3_IRQHandler
                0x00000000080001f4                RCC_IRQHandler
                0x00000000080001f4                Default_Handler
                0x00000000080001f4                EXTI15_10_IRQHandler
                0x00000000080001f4                ADC_IRQHandler
                0x00000000080001f4                DMA1_Stream7_IRQHandler
                0x00000000080001f4                TIM5_IRQHandler
                0x00000000080001f4                DMA2_Stream7_IRQHandler
                0x00000000080001f4                I2C3_EV_IRQHandler
                0x00000000080001f4                EXTI9_5_IRQHandler
                0x00000000080001f4                SPI2_IRQHandler
                0x00000000080001f4                MemManage_Handler
                0x00000000080001f4                DMA1_Stream0_IRQHandler
                0x00000000080001f4                SVC_Handler
                0x00000000080001f4                EXTI4_IRQHandler
                0x00000000080001f4                EXTI22_RTC_WKUP_IRQHandler
                0x00000000080001f4                TIM2_IRQHandler
                0x00000000080001f4                EXTI16_PVD_IRQHandler
                0x00000000080001f4                TIM1_TRG_COM_TIM11_IRQHandler
                0x00000000080001f4                EXTI1_IRQHandler
                0x00000000080001f4                EXTI17_RTC_Alarm_IRQHandler
                0x00000000080001f4                USART2_IRQHandler
                0x00000000080001f4                I2C2_ER_IRQHandler
                0x00000000080001f4                DMA2_Stream1_IRQHandler
                0x00000000080001f4                FLASH_IRQHandler
                0x00000000080001f4                DMA2_Stream4_IRQHandler
                0x00000000080001f4                BusFault_Handler
                0x00000000080001f4                USART1_IRQHandler
                0x00000000080001f4                OTG_FS_IRQHandler
                0x00000000080001f4                SPI3_IRQHandler
                0x00000000080001f4                DMA1_Stream4_IRQHandler
                0x00000000080001f4                I2C1_ER_IRQHandler
                0x00000000080001f4                DMA2_Stream6_IRQHandler
                0x00000000080001f4                DMA1_Stream3_IRQHandler
                0x00000000080001fa                Reset_Handler
 *(.rodata)
 .rodata        0x0000000008000280        0xc main.o
                0x0000000008000280                delay_sm
                0x0000000008000284                delay_md
                0x0000000008000288                delay_lg
                0x000000000800028c                . = ALIGN (0x4)
                0x000000000800028c                _etext = .

.glue_7         0x000000000800028c        0x0
 .glue_7        0x000000000800028c        0x0 linker stubs

.glue_7t        0x000000000800028c        0x0
 .glue_7t       0x000000000800028c        0x0 linker stubs

.vfp11_veneer   0x000000000800028c        0x0
 .vfp11_veneer  0x000000000800028c        0x0 linker stubs

.v4_bx          0x000000000800028c        0x0
 .v4_bx         0x000000000800028c        0x0 linker stubs

.iplt           0x000000000800028c        0x0
 .iplt          0x000000000800028c        0x0 startup.o

.rel.dyn        0x000000000800028c        0x0
 .rel.iplt      0x000000000800028c        0x0 startup.o

.data           0x0000000020000000        0x4 load address 0x000000000800028c
                0x0000000020000000                . = ALIGN (0x4)
                0x0000000020000000                _sdata = .
 *(.data)
 .data          0x0000000020000000        0x4 main.o
                0x0000000020000000                led_data
 .data          0x0000000020000004        0x0 startup.o
                0x0000000020000004                . = ALIGN (0x4)
                0x0000000020000004                _edata = .

.igot.plt       0x0000000020000004        0x0 load address 0x0000000008000290
 .igot.plt      0x0000000020000004        0x0 startup.o

.bss            0x0000000020000004        0xc load address 0x0000000008000290
                0x0000000020000004                . = ALIGN (0x4)
                0x0000000020000004                _sbss = .
 *(.bss)
 .bss           0x0000000020000004        0xc main.o
                0x0000000020000004                led_size
                0x0000000020000008                led_length
                0x000000002000000c                led_data0
 .bss           0x0000000020000010        0x0 startup.o
                0x0000000020000010                . = ALIGN (0x4)
                0x0000000020000010                _ebss = .
OUTPUT(flash.elf elf32-littlearm)
LOAD linker stubs

.comment        0x0000000000000000       0x33
 .comment       0x0000000000000000       0x33 main.o
                                         0x34 (size before relaxing)
 .comment       0x0000000000000033       0x34 startup.o

.ARM.attributes
                0x0000000000000000       0x2e
 .ARM.attributes
                0x0000000000000000       0x2e main.o
 .ARM.attributes
                0x000000000000002e       0x2e startup.o
